###############################################################################
#                                                                             #
# IAR ELF Linker V6.50.3.4676/W32 for ARM               23/Jun/2013  20:20:44 #
# Copyright 2007-2013 IAR Systems AB.                                         #
#                                                                             #
#    Output file  =  D:\Embedded2\현대모비스\RTOS_CM3\MyData\src_my\uCOS-II-M #
#                    32_ok\EvalBoards\ST\MANGO-Z1\IAR\16.ex_Int_TIM2\Flash\Ex #
#                    e\MANGO-Z1.out                                           #
#    Map file     =  D:\Embedded2\현대모비스\RTOS_CM3\MyData\src_my\uCOS-II-M #
#                    32_ok\EvalBoards\ST\MANGO-Z1\IAR\16.ex_Int_TIM2\Flash\Li #
#                    st\MANGO-Z1.map                                          #
#    Command line =  D:\Embedded2\현대모비스\RTOS_CM3\MyData\src_my\uCOS-II-M #
#                    32_ok\EvalBoards\ST\MANGO-Z1\IAR\16.ex_Int_TIM2\Flash\Ob #
#                    j\app.o D:\Embedded2\현대모비스\RTOS_CM3\MyData\src_my\u #
#                    COS-II-M32_ok\EvalBoards\ST\MANGO-Z1\IAR\16.ex_Int_TIM2\ #
#                    Flash\Obj\app_vect_v5.o D:\Embedded2\현대모비스\RTOS_CM3 #
#                    \MyData\src_my\uCOS-II-M32_ok\EvalBoards\ST\MANGO-Z1\IAR #
#                    \16.ex_Int_TIM2\Flash\Obj\bsp.o                          #
#                    D:\Embedded2\현대모비스\RTOS_CM3\MyData\src_my\uCOS-II-M #
#                    32_ok\EvalBoards\ST\MANGO-Z1\IAR\16.ex_Int_TIM2\Flash\Ob #
#                    j\bsp_int.o D:\Embedded2\현대모비스\RTOS_CM3\MyData\src_ #
#                    my\uCOS-II-M32_ok\EvalBoards\ST\MANGO-Z1\IAR\16.ex_Int_T #
#                    IM2\Flash\Obj\bsp_periph.o D:\Embedded2\현대모비스\RTOS_ #
#                    CM3\MyData\src_my\uCOS-II-M32_ok\EvalBoards\ST\MANGO-Z1\ #
#                    IAR\16.ex_Int_TIM2\Flash\Obj\cpu_a.o                     #
#                    D:\Embedded2\현대모비스\RTOS_CM3\MyData\src_my\uCOS-II-M #
#                    32_ok\EvalBoards\ST\MANGO-Z1\IAR\16.ex_Int_TIM2\Flash\Ob #
#                    j\cpu_c.o D:\Embedded2\현대모비스\RTOS_CM3\MyData\src_my #
#                    \uCOS-II-M32_ok\EvalBoards\ST\MANGO-Z1\IAR\16.ex_Int_TIM #
#                    2\Flash\Obj\lib_mem.o D:\Embedded2\현대모비스\RTOS_CM3\M #
#                    yData\src_my\uCOS-II-M32_ok\EvalBoards\ST\MANGO-Z1\IAR\1 #
#                    6.ex_Int_TIM2\Flash\Obj\lib_mem_a.o                      #
#                    D:\Embedded2\현대모비스\RTOS_CM3\MyData\src_my\uCOS-II-M #
#                    32_ok\EvalBoards\ST\MANGO-Z1\IAR\16.ex_Int_TIM2\Flash\Ob #
#                    j\lib_str.o D:\Embedded2\현대모비스\RTOS_CM3\MyData\src_ #
#                    my\uCOS-II-M32_ok\EvalBoards\ST\MANGO-Z1\IAR\16.ex_Int_T #
#                    IM2\Flash\Obj\os_core.o D:\Embedded2\현대모비스\RTOS_CM3 #
#                    \MyData\src_my\uCOS-II-M32_ok\EvalBoards\ST\MANGO-Z1\IAR #
#                    \16.ex_Int_TIM2\Flash\Obj\os_cpu_a.o                     #
#                    D:\Embedded2\현대모비스\RTOS_CM3\MyData\src_my\uCOS-II-M #
#                    32_ok\EvalBoards\ST\MANGO-Z1\IAR\16.ex_Int_TIM2\Flash\Ob #
#                    j\os_cpu_c.o D:\Embedded2\현대모비스\RTOS_CM3\MyData\src #
#                    _my\uCOS-II-M32_ok\EvalBoards\ST\MANGO-Z1\IAR\16.ex_Int_ #
#                    TIM2\Flash\Obj\os_dbg.o D:\Embedded2\현대모비스\RTOS_CM3 #
#                    \MyData\src_my\uCOS-II-M32_ok\EvalBoards\ST\MANGO-Z1\IAR #
#                    \16.ex_Int_TIM2\Flash\Obj\os_flag.o                      #
#                    D:\Embedded2\현대모비스\RTOS_CM3\MyData\src_my\uCOS-II-M #
#                    32_ok\EvalBoards\ST\MANGO-Z1\IAR\16.ex_Int_TIM2\Flash\Ob #
#                    j\os_mbox.o D:\Embedded2\현대모비스\RTOS_CM3\MyData\src_ #
#                    my\uCOS-II-M32_ok\EvalBoards\ST\MANGO-Z1\IAR\16.ex_Int_T #
#                    IM2\Flash\Obj\os_mem.o D:\Embedded2\현대모비스\RTOS_CM3\ #
#                    MyData\src_my\uCOS-II-M32_ok\EvalBoards\ST\MANGO-Z1\IAR\ #
#                    16.ex_Int_TIM2\Flash\Obj\os_mutex.o                      #
#                    D:\Embedded2\현대모비스\RTOS_CM3\MyData\src_my\uCOS-II-M #
#                    32_ok\EvalBoards\ST\MANGO-Z1\IAR\16.ex_Int_TIM2\Flash\Ob #
#                    j\os_q.o D:\Embedded2\현대모비스\RTOS_CM3\MyData\src_my\ #
#                    uCOS-II-M32_ok\EvalBoards\ST\MANGO-Z1\IAR\16.ex_Int_TIM2 #
#                    \Flash\Obj\os_sem.o D:\Embedded2\현대모비스\RTOS_CM3\MyD #
#                    ata\src_my\uCOS-II-M32_ok\EvalBoards\ST\MANGO-Z1\IAR\16. #
#                    ex_Int_TIM2\Flash\Obj\os_task.o                          #
#                    D:\Embedded2\현대모비스\RTOS_CM3\MyData\src_my\uCOS-II-M #
#                    32_ok\EvalBoards\ST\MANGO-Z1\IAR\16.ex_Int_TIM2\Flash\Ob #
#                    j\os_time.o D:\Embedded2\현대모비스\RTOS_CM3\MyData\src_ #
#                    my\uCOS-II-M32_ok\EvalBoards\ST\MANGO-Z1\IAR\16.ex_Int_T #
#                    IM2\Flash\Obj\os_tmr.o D:\Embedded2\현대모비스\RTOS_CM3\ #
#                    MyData\src_my\uCOS-II-M32_ok\EvalBoards\ST\MANGO-Z1\IAR\ #
#                    16.ex_Int_TIM2\Flash\Obj\stm32f10x_adc.o                 #
#                    D:\Embedded2\현대모비스\RTOS_CM3\MyData\src_my\uCOS-II-M #
#                    32_ok\EvalBoards\ST\MANGO-Z1\IAR\16.ex_Int_TIM2\Flash\Ob #
#                    j\stm32f10x_bkp.o D:\Embedded2\현대모비스\RTOS_CM3\MyDat #
#                    a\src_my\uCOS-II-M32_ok\EvalBoards\ST\MANGO-Z1\IAR\16.ex #
#                    _Int_TIM2\Flash\Obj\stm32f10x_exti.o                     #
#                    D:\Embedded2\현대모비스\RTOS_CM3\MyData\src_my\uCOS-II-M #
#                    32_ok\EvalBoards\ST\MANGO-Z1\IAR\16.ex_Int_TIM2\Flash\Ob #
#                    j\stm32f10x_flash.o D:\Embedded2\현대모비스\RTOS_CM3\MyD #
#                    ata\src_my\uCOS-II-M32_ok\EvalBoards\ST\MANGO-Z1\IAR\16. #
#                    ex_Int_TIM2\Flash\Obj\stm32f10x_gpio.o                   #
#                    D:\Embedded2\현대모비스\RTOS_CM3\MyData\src_my\uCOS-II-M #
#                    32_ok\EvalBoards\ST\MANGO-Z1\IAR\16.ex_Int_TIM2\Flash\Ob #
#                    j\stm32f10x_i2c.o D:\Embedded2\현대모비스\RTOS_CM3\MyDat #
#                    a\src_my\uCOS-II-M32_ok\EvalBoards\ST\MANGO-Z1\IAR\16.ex #
#                    _Int_TIM2\Flash\Obj\stm32f10x_lib.o                      #
#                    D:\Embedded2\현대모비스\RTOS_CM3\MyData\src_my\uCOS-II-M #
#                    32_ok\EvalBoards\ST\MANGO-Z1\IAR\16.ex_Int_TIM2\Flash\Ob #
#                    j\stm32f10x_nvic.o D:\Embedded2\현대모비스\RTOS_CM3\MyDa #
#                    ta\src_my\uCOS-II-M32_ok\EvalBoards\ST\MANGO-Z1\IAR\16.e #
#                    x_Int_TIM2\Flash\Obj\stm32f10x_pwr.o                     #
#                    D:\Embedded2\현대모비스\RTOS_CM3\MyData\src_my\uCOS-II-M #
#                    32_ok\EvalBoards\ST\MANGO-Z1\IAR\16.ex_Int_TIM2\Flash\Ob #
#                    j\stm32f10x_rcc.o D:\Embedded2\현대모비스\RTOS_CM3\MyDat #
#                    a\src_my\uCOS-II-M32_ok\EvalBoards\ST\MANGO-Z1\IAR\16.ex #
#                    _Int_TIM2\Flash\Obj\stm32f10x_rtc.o                      #
#                    D:\Embedded2\현대모비스\RTOS_CM3\MyData\src_my\uCOS-II-M #
#                    32_ok\EvalBoards\ST\MANGO-Z1\IAR\16.ex_Int_TIM2\Flash\Ob #
#                    j\stm32f10x_spi.o D:\Embedded2\현대모비스\RTOS_CM3\MyDat #
#                    a\src_my\uCOS-II-M32_ok\EvalBoards\ST\MANGO-Z1\IAR\16.ex #
#                    _Int_TIM2\Flash\Obj\stm32f10x_systick.o                  #
#                    D:\Embedded2\현대모비스\RTOS_CM3\MyData\src_my\uCOS-II-M #
#                    32_ok\EvalBoards\ST\MANGO-Z1\IAR\16.ex_Int_TIM2\Flash\Ob #
#                    j\stm32f10x_tim.o D:\Embedded2\현대모비스\RTOS_CM3\MyDat #
#                    a\src_my\uCOS-II-M32_ok\EvalBoards\ST\MANGO-Z1\IAR\16.ex #
#                    _Int_TIM2\Flash\Obj\stm32f10x_usart.o --redirect         #
#                    _Printf=_PrintfFull --redirect _Scanf=_ScanfFull -o      #
#                    D:\Embedded2\현대모비스\RTOS_CM3\MyData\src_my\uCOS-II-M #
#                    32_ok\EvalBoards\ST\MANGO-Z1\IAR\16.ex_Int_TIM2\Flash\Ex #
#                    e\MANGO-Z1.out --map D:\Embedded2\현대모비스\RTOS_CM3\My #
#                    Data\src_my\uCOS-II-M32_ok\EvalBoards\ST\MANGO-Z1\IAR\16 #
#                    .ex_Int_TIM2\Flash\List\MANGO-Z1.map --config            #
#                    D:\Embedded2\현대모비스\RTOS_CM3\MyData\src_my\uCOS-II-M #
#                    32_ok\EvalBoards\ST\MANGO-Z1\IAR\16.ex_Int_TIM2\..\BSP\S #
#                    TM32_Flash.icf --semihosting --entry                     #
#                    __iar_program_start --vfe                                #
#                                                                             #
#                                                                             #
###############################################################################

*******************************************************************************
*** RUNTIME MODEL ATTRIBUTES
***

CppFlavor       = *
__SystemLibrary = DLib


*******************************************************************************
*** PLACEMENT SUMMARY
***

"A1":  place at start of [0x08000000-0x0801ffff] { ro section .intvec };
"P1":  place in [from 0x08000000 to 0x0801ffff] { ro };
"P2":  place in [from 0x20000000 to 0x20004fff] { rw, block HEAP, block CSTACK };

  Section          Kind        Address    Size  Object
  -------          ----        -------    ----  ------
"A1":                                     0xec
  .intvec          const    0x08000000    0xec  app_vect_v5.o [1]
                          - 0x080000ec    0xec

"P1":                                   0x3d68
  .text            ro code  0x080000ec   0xcf6  xprintffull.o [3]
  .text            ro code  0x08000de2    0x22  zero_init3.o [5]
  .text            ro code  0x08000e04    0x16  strchr.o [5]
  .text            ro code  0x08000e1a     0xa  xsprout.o [3]
  .text            ro code  0x08000e24    0x36  strlen.o [5]
  .rodata          const    0x08000e5a     0x2  os_dbg.o [1]
  .text            ro code  0x08000e5c    0x58  memchr.o [5]
  .text            ro code  0x08000eb4    0xee  I64DivMod.o [5]
  .rodata          const    0x08000fa2     0x2  os_dbg.o [1]
  .text            ro code  0x08000fa4    0x76  ABImemcpy.o [5]
  .text            ro code  0x0800101a    0x42  xdnorm.o [4]
  .text            ro code  0x0800105c    0x2e  DblCmpLe.o [4]
  .rodata          const    0x0800108a     0x2  os_dbg.o [1]
  .text            ro code  0x0800108c    0x2e  DblCmpGe.o [4]
  .rodata          const    0x080010ba     0x2  os_dbg.o [1]
  .text            ro code  0x080010bc   0x10c  xdscale.o [4]
  .text            ro code  0x080011c8    0x58  DblToI32.o [4]
  .text            ro code  0x08001220    0x30  I32ToDbl.o [4]
  .text            ro code  0x08001250   0x180  DblSub.o [4]
  .text            ro code  0x080013d0   0x1a2  DblMul.o [4]
  .rodata          const    0x08001572     0x2  os_dbg.o [1]
  .text            ro code  0x08001574   0x246  DblDiv.o [4]
  .text            ro code  0x080017ba     0xe  div.o [3]
  .text            ro code  0x080017c8     0x2  I64DivZer.o [5]
  .rodata          const    0x080017ca     0x2  os_dbg.o [1]
  .text            ro code  0x080017cc    0xd4  DblAdd.o [4]
  .text            ro code  0x080018a0   0x960  os_core.o [1]
  CODE             ro code  0x08002200    0xa0  os_cpu_a.o [1]
  .text            ro code  0x080022a0   0x138  os_cpu_c.o [1]
  .text            ro code  0x080023d8    0x50  os_flag.o [1]
  .text            ro code  0x08002428   0x274  os_tmr.o [1]
  .text            ro code  0x0800269c   0x168  os_dbg.o [1]
  .text            ro code  0x08002804    0xd8  os_time.o [1]
  .text            ro code  0x080028dc   0x36c  os_task.o [1]
  .text            ro code  0x08002c48   0x30e  app.o [1]
  .rodata          const    0x08002f56     0x2  os_dbg.o [1]
  .text            ro code  0x08002f58   0x174  bsp.o [1]
  .text            ro code  0x080030cc   0x1a0  os_sem.o [1]
  .text            ro code  0x0800326c    0xb8  stm32f10x_usart.o [1]
  .text            ro code  0x08003324   0x300  stm32f10x_rcc.o [1]
  .text            ro code  0x08003624    0xda  stm32f10x_gpio.o [1]
  .rodata          const    0x080036fe     0x2  os_dbg.o [1]
  .text            ro code  0x08003700   0x208  bsp_int.o [1]
  .text            ro code  0x08003908    0x34  sprintf.o [3]
  .text            ro code  0x0800393c    0x8a  stm32f10x_tim.o [1]
  .rodata          const    0x080039c6     0x2  os_dbg.o [1]
  .text            ro code  0x080039c8    0xa8  stm32f10x_nvic.o [1]
  .text            ro code  0x08003a70    0x34  stm32f10x_flash.o [1]
  CODE             ro code  0x08003aa4    0x2a  cpu_a.o [1]
  .rodata          const    0x08003ace     0x2  os_dbg.o [1]
  .rodata          const    0x08003ad0   0x100  os_core.o [1]
  .text            ro code  0x08003bd0    0x28  data_init.o [5]
  .iar.init_table  const    0x08003bf8    0x10  - Linker created -
  .rodata          const    0x08003c08    0x20  app.o [1]
  .rodata          const    0x08003c28    0x20  app.o [1]
  .rodata          const    0x08003c48    0x1c  app.o [1]
  .rodata          const    0x08003c64    0x18  app.o [1]
  .rodata          const    0x08003c7c    0x18  app.o [1]
  .rodata          const    0x08003c94    0x18  app.o [1]
  .rodata          const    0x08003cac    0x18  app.o [1]
  .rodata          const    0x08003cc4    0x18  app.o [1]
  .rodata          const    0x08003cdc    0x18  app.o [1]
  .text            ro code  0x08003cf4    0x16  cmain.o [5]
  .text            ro code  0x08003d0a     0x4  low_level_init.o [3]
  .text            ro code  0x08003d0e     0x4  exit.o [3]
  .rodata          const    0x08003d12     0x2  os_dbg.o [1]
  .text            ro code  0x08003d14     0xa  cexit.o [5]
  .rodata          const    0x08003d1e     0x2  os_dbg.o [1]
  .text            ro code  0x08003d20    0x14  exit.o [6]
  .rodata          const    0x08003d34    0x14  app.o [1]
  .rodata          const    0x08003d48    0x14  app.o [1]
  .rodata          const    0x08003d5c    0x14  app.o [1]
  .rodata          const    0x08003d70    0x10  app.o [1]
  .rodata          const    0x08003d80    0x10  os_core.o [1]
  .rodata          const    0x08003d90    0x10  os_core.o [1]
  .rodata          const    0x08003da0    0x10  os_tmr.o [1]
  .rodata          const    0x08003db0    0x10  stm32f10x_rcc.o [1]
  .rodata          const    0x08003dc0     0xc  app.o [1]
  .rodata          const    0x08003dcc     0xc  os_tmr.o [1]
  .rodata          const    0x08003dd8     0xc  os_tmr.o [1]
  .text            ro code  0x08003de4     0xc  app_vect_v5.o [1]
  .text            ro code  0x08003df0     0xc  cstartup_M.o [5]
  .rodata          const    0x08003dfc     0x8  app.o [1]
  .rodata          const    0x08003e04     0x8  app.o [1]
  .rodata          const    0x08003e0c     0x4  os_dbg.o [1]
  .rodata          const    0x08003e10     0x4  stm32f10x_rcc.o [1]
  .rodata          const    0x08003e14     0x2  os_dbg.o [1]
  .rodata          const    0x08003e16     0x2  os_dbg.o [1]
  .rodata          const    0x08003e18     0x2  os_dbg.o [1]
  .rodata          const    0x08003e1a     0x2  os_dbg.o [1]
  .rodata          const    0x08003e1c     0x2  os_dbg.o [1]
  .rodata          const    0x08003e1e     0x2  os_dbg.o [1]
  .rodata          const    0x08003e20     0x2  os_dbg.o [1]
  .rodata          const    0x08003e22     0x2  os_dbg.o [1]
  .rodata          const    0x08003e24     0x2  os_dbg.o [1]
  .rodata          const    0x08003e26     0x2  os_dbg.o [1]
  .rodata          const    0x08003e28     0x2  os_dbg.o [1]
  .rodata          const    0x08003e2a     0x2  os_dbg.o [1]
  .rodata          const    0x08003e2c     0x2  os_dbg.o [1]
  .rodata          const    0x08003e2e     0x2  os_dbg.o [1]
  .rodata          const    0x08003e30     0x2  os_dbg.o [1]
  .rodata          const    0x08003e32     0x2  os_dbg.o [1]
  .rodata          const    0x08003e34     0x2  os_dbg.o [1]
  .rodata          const    0x08003e36     0x2  os_dbg.o [1]
  .rodata          const    0x08003e38     0x2  os_dbg.o [1]
  .rodata          const    0x08003e3a     0x2  os_dbg.o [1]
  .rodata          const    0x08003e3c     0x2  os_dbg.o [1]
  .rodata          const    0x08003e3e     0x2  os_dbg.o [1]
  .rodata          const    0x08003e40     0x2  os_dbg.o [1]
  .rodata          const    0x08003e42     0x2  os_dbg.o [1]
  .rodata          const    0x08003e44     0x2  os_dbg.o [1]
  .rodata          const    0x08003e46     0x2  os_dbg.o [1]
  .rodata          const    0x08003e48     0x2  os_dbg.o [1]
  .rodata          const    0x08003e4a     0x2  os_dbg.o [1]
  .rodata          const    0x08003e4c     0x2  os_dbg.o [1]
  .rodata          const    0x08003e4e     0x2  os_dbg.o [1]
  .rodata          const    0x08003e50     0x2  os_dbg.o [1]
  .rodata          const    0x08003e52     0x2  os_dbg.o [1]
  .rodata          const    0x08003e54     0x0  zero_init3.o [5]
                          - 0x08003e54  0x3d68

"P2", part 1 of 2:                      0x26b0
  .bss             zero     0x20000000   0x800  app.o [1]
  .bss             zero     0x20000800   0x800  app.o [1]
  .bss             zero     0x20001000   0x7e8  os_core.o [1]
  .bss             zero     0x200017e8   0x340  os_core.o [1]
  .bss             zero     0x20001b28   0x200  app.o [1]
  .bss             zero     0x20001d28   0x200  os_core.o [1]
  .bss             zero     0x20001f28   0x200  os_core.o [1]
  .bss             zero     0x20002128   0x200  os_core.o [1]
  .bss             zero     0x20002328   0x140  os_core.o [1]
  .bss             zero     0x20002468    0xa8  bsp_int.o [1]
  .bss             zero     0x20002510    0x8c  os_core.o [1]
  .bss             zero     0x2000259c    0x80  os_core.o [1]
  .bss             zero     0x2000261c    0x40  os_core.o [1]
  .bss             zero     0x2000265c     0x4  os_core.o [1]
  .bss             zero     0x20002660     0x4  os_core.o [1]
  .bss             zero     0x20002664     0x4  os_core.o [1]
  .bss             zero     0x20002668     0x4  os_core.o [1]
  .bss             zero     0x2000266c     0x4  os_core.o [1]
  .bss             zero     0x20002670     0x4  os_core.o [1]
  .bss             zero     0x20002674     0x4  os_core.o [1]
  .bss             zero     0x20002678     0x4  os_core.o [1]
  .bss             zero     0x2000267c     0x4  os_core.o [1]
  .bss             zero     0x20002680     0x4  os_core.o [1]
  .bss             zero     0x20002684     0x4  os_core.o [1]
  .bss             zero     0x20002688     0x4  os_core.o [1]
  .bss             zero     0x2000268c     0x4  os_core.o [1]
  .bss             zero     0x20002690     0x4  os_core.o [1]
  .bss             zero     0x20002694     0x4  os_core.o [1]
  .bss             zero     0x20002698     0x4  os_core.o [1]
  .bss             zero     0x2000269c     0x2  os_core.o [1]
  .bss             zero     0x2000269e     0x2  os_core.o [1]
  .bss             zero     0x200026a0     0x2  os_cpu_c.o [1]
  .bss             zero     0x200026a2     0x1  os_core.o [1]
  .bss             zero     0x200026a3     0x1  os_core.o [1]
  .bss             zero     0x200026a4     0x1  os_core.o [1]
  .bss             zero     0x200026a5     0x1  os_core.o [1]
  .bss             zero     0x200026a6     0x1  os_core.o [1]
  .bss             zero     0x200026a7     0x1  os_core.o [1]
  .bss             zero     0x200026a8     0x1  os_core.o [1]
  .bss             zero     0x200026a9     0x1  os_core.o [1]
  .bss             zero     0x200026aa     0x1  os_core.o [1]
  .bss             zero     0x200026ab     0x1  os_core.o [1]
                          - 0x200026ac  0x26ac

"P2", part 2 of 2:                       0x100
  CSTACK                    0x200026b0   0x100  <Block>
    CSTACK         uninit   0x200026b0   0x100  <Block tail>
                          - 0x200027b0   0x100


*******************************************************************************
*** INIT TABLE
***

          Address     Size
          -------     ----
Zero (__iar_zero_init3)
    1 destination range, total size 0x26ac:
          0x20000000  0x26ac



*******************************************************************************
*** MODULE SUMMARY
***

    Module             ro code  ro data  rw data
    ------             -------  -------  -------
D:\Embedded2\현대모비스\RTOS_CM3\MyData\src_my\uCOS-II-M32_ok\EvalBoards\ST\MANGO-Z1\IAR\16.ex_Int_TIM2\Flash\Obj: [1]
    app.o                  782      340    4 608
    app_vect_v5.o           12      236
    bsp.o                  372
    bsp_int.o              520               168
    cpu_a.o                 42
    os_core.o            2 400      288    5 122
    os_cpu_a.o             160
    os_cpu_c.o             312                 2
    os_dbg.o               360       92
    os_flag.o               80
    os_sem.o               416
    os_task.o              876
    os_time.o              216
    os_tmr.o               628       40
    stm32f10x_flash.o       52
    stm32f10x_gpio.o       218
    stm32f10x_nvic.o       168
    stm32f10x_rcc.o        768       20
    stm32f10x_tim.o        138
    stm32f10x_usart.o      184
    --------------------------------------------
    Total:               8 704    1 016    9 900

command line: [2]
    --------------------------------------------
    Total:

dl7M_tln.a: [3]
    div.o                   14
    exit.o                   4
    low_level_init.o         4
    sprintf.o               52
    xprintffull.o        3 318
    xsprout.o               10
    --------------------------------------------
    Total:               3 402

m7M_tl.a: [4]
    DblAdd.o               212
    DblCmpGe.o              46
    DblCmpLe.o              46
    DblDiv.o               582
    DblMul.o               418
    DblSub.o               384
    DblToI32.o              88
    I32ToDbl.o              48
    xdnorm.o                66
    xdscale.o              268
    --------------------------------------------
    Total:               2 158

rt7M_tl.a: [5]
    ABImemcpy.o            118
    I64DivMod.o            238
    I64DivZer.o              2
    cexit.o                 10
    cmain.o                 22
    cstartup_M.o            12
    data_init.o             40
    memchr.o                88
    strchr.o                22
    strlen.o                54
    zero_init3.o            34
    --------------------------------------------
    Total:                 640

shb_l.a: [6]
    exit.o                  20
    --------------------------------------------
    Total:                  20

    Linker created                   16      256
------------------------------------------------
    Grand Total:        14 924    1 032   10 156


*******************************************************************************
*** ENTRY LIST
***

Entry                      Address   Size  Type      Object
-----                      -------   ----  ----      ------
?main                   0x08003cf5         Code  Gb  cmain.o [5]
ADCPrescTable           0x08003e10    0x4  Data  Lc  stm32f10x_rcc.o [1]
APBAHBPrescTable        0x08003db0   0x10  Data  Lc  stm32f10x_rcc.o [1]
App_BusFault_ISR        0x08003de9    0x2  Code  Lc  app_vect_v5.o [1]
App_Fault_ISR           0x08003de7    0x2  Code  Lc  app_vect_v5.o [1]
App_MemFault_ISR        0x08003ded    0x2  Code  Lc  app_vect_v5.o [1]
App_NMI_ISR             0x08003de5    0x2  Code  Lc  app_vect_v5.o [1]
App_Spurious_ISR        0x08003def    0x2  Code  Lc  app_vect_v5.o [1]
App_TCBInitHook         0x08002f53    0x2  Code  Gb  app.o [1]
App_TaskCreateHook      0x08002f4b    0x2  Code  Gb  app.o [1]
App_TaskIdleHook        0x08002f4d    0x2  Code  Gb  app.o [1]
App_TaskStart           0x08002d51   0xce  Code  Lc  app.o [1]
App_TaskStartStk        0x20001b28  0x200  Data  Lc  app.o [1]
App_TaskStatHook        0x08002f4f    0x2  Code  Gb  app.o [1]
App_TaskSwHook          0x08002f51    0x2  Code  Gb  app.o [1]
App_TimeTickHook        0x08002f55    0x2  Code  Gb  app.o [1]
App_UsageFault_ISR      0x08003deb    0x2  Code  Lc  app_vect_v5.o [1]
BSP_CPU_ClkFreq         0x08002fc3   0x10  Code  Gb  bsp.o [1]
BSP_Init                0x08002f59   0x6a  Code  Gb  bsp.o [1]
BSP_IntDisAll           0x08003701    0x8  Code  Gb  bsp_int.o [1]
BSP_IntHandler          0x080038d1   0x2e  Code  Lc  bsp_int.o [1]
BSP_IntHandlerADC1_2    0x080037d7    0xa  Code  Gb  bsp_int.o [1]
BSP_IntHandlerCAN_RX1   0x080037f5    0xa  Code  Gb  bsp_int.o [1]
BSP_IntHandlerCAN_SCE   0x080037ff    0xa  Code  Gb  bsp_int.o [1]
BSP_IntHandlerDMA1_CH1  0x08003791    0xa  Code  Gb  bsp_int.o [1]
BSP_IntHandlerDMA1_CH2  0x0800379b    0xa  Code  Gb  bsp_int.o [1]
BSP_IntHandlerDMA1_CH3  0x080037a5    0xa  Code  Gb  bsp_int.o [1]
BSP_IntHandlerDMA1_CH4  0x080037af    0xa  Code  Gb  bsp_int.o [1]
BSP_IntHandlerDMA1_CH5  0x080037b9    0xa  Code  Gb  bsp_int.o [1]
BSP_IntHandlerDMA1_CH6  0x080037c3    0xa  Code  Gb  bsp_int.o [1]
BSP_IntHandlerDMA1_CH7  0x080037cd    0xa  Code  Gb  bsp_int.o [1]
BSP_IntHandlerEXTI0     0x0800375f    0xa  Code  Gb  bsp_int.o [1]
BSP_IntHandlerEXTI1     0x08003769    0xa  Code  Gb  bsp_int.o [1]
BSP_IntHandlerEXTI15_10
                        0x080038b3    0xa  Code  Gb  bsp_int.o [1]
BSP_IntHandlerEXTI2     0x08003773    0xa  Code  Gb  bsp_int.o [1]
BSP_IntHandlerEXTI3     0x0800377d    0xa  Code  Gb  bsp_int.o [1]
BSP_IntHandlerEXTI4     0x08003787    0xa  Code  Gb  bsp_int.o [1]
BSP_IntHandlerEXTI9_5   0x08003809    0xa  Code  Gb  bsp_int.o [1]
BSP_IntHandlerFLASH     0x0800374b    0xa  Code  Gb  bsp_int.o [1]
BSP_IntHandlerI2C1_ER   0x08003863    0xa  Code  Gb  bsp_int.o [1]
BSP_IntHandlerI2C1_EV   0x08003859    0xa  Code  Gb  bsp_int.o [1]
BSP_IntHandlerI2C2_ER   0x08003877    0xa  Code  Gb  bsp_int.o [1]
BSP_IntHandlerI2C2_EV   0x0800386d    0xa  Code  Gb  bsp_int.o [1]
BSP_IntHandlerPVD       0x0800372d    0xa  Code  Gb  bsp_int.o [1]
BSP_IntHandlerRCC       0x08003755    0xa  Code  Gb  bsp_int.o [1]
BSP_IntHandlerRTC       0x08003741    0xa  Code  Gb  bsp_int.o [1]
BSP_IntHandlerRTCAlarm  0x080038bd    0xa  Code  Gb  bsp_int.o [1]
BSP_IntHandlerSPI1      0x08003881    0xa  Code  Gb  bsp_int.o [1]
BSP_IntHandlerSPI2      0x0800388b    0xa  Code  Gb  bsp_int.o [1]
BSP_IntHandlerTAMPER    0x08003737    0xa  Code  Gb  bsp_int.o [1]
BSP_IntHandlerTIM1_BRK  0x08003813    0xa  Code  Gb  bsp_int.o [1]
BSP_IntHandlerTIM1_CC   0x08003831    0xa  Code  Gb  bsp_int.o [1]
BSP_IntHandlerTIM1_TRG_COM
                        0x08003827    0xa  Code  Gb  bsp_int.o [1]
BSP_IntHandlerTIM1_UP   0x0800381d    0xa  Code  Gb  bsp_int.o [1]
BSP_IntHandlerTIM2      0x0800383b    0xa  Code  Gb  bsp_int.o [1]
BSP_IntHandlerTIM3      0x08003845    0xa  Code  Gb  bsp_int.o [1]
BSP_IntHandlerTIM4      0x0800384f    0xa  Code  Gb  bsp_int.o [1]
BSP_IntHandlerUSART1    0x08003895    0xa  Code  Gb  bsp_int.o [1]
BSP_IntHandlerUSART2    0x0800389f    0xa  Code  Gb  bsp_int.o [1]
BSP_IntHandlerUSART3    0x080038a9    0xa  Code  Gb  bsp_int.o [1]
BSP_IntHandlerUSBWakeUp
                        0x080038c7    0xa  Code  Gb  bsp_int.o [1]
BSP_IntHandlerUSB_HP_CAN_TX
                        0x080037e1    0xa  Code  Gb  bsp_int.o [1]
BSP_IntHandlerUSB_LP_CAN_RX0
                        0x080037eb    0xa  Code  Gb  bsp_int.o [1]
BSP_IntHandlerWWDG      0x08003723    0xa  Code  Gb  bsp_int.o [1]
BSP_IntVectSet          0x08003709   0x1a  Code  Gb  bsp_int.o [1]
BSP_IntVectTbl          0x20002468   0xa8  Data  Lc  bsp_int.o [1]
BSP_LED_Init            0x08002fdb   0x28  Code  Lc  bsp.o [1]
BSP_LED_Off             0x08003003   0x44  Code  Gb  bsp.o [1]
BSP_LED_Toggle          0x08003047   0x82  Code  Gb  bsp.o [1]
CPU_CntLeadZeros        0x08003abb         Code  Gb  cpu_a.o [1]
CPU_IntDis              0x08003aa5         Code  Gb  cpu_a.o [1]
CPU_IntEn               0x08003aa9         Code  Gb  cpu_a.o [1]
CPU_RevBits             0x08003ac1         Code  Gb  cpu_a.o [1]
CPU_SR_Restore          0x08003ab5         Code  Gb  cpu_a.o [1]
CPU_SR_Save             0x08003aad         Code  Gb  cpu_a.o [1]
CPU_WaitForExcept       0x08003acb         Code  Gb  cpu_a.o [1]
CPU_WaitForInt          0x08003ac7         Code  Gb  cpu_a.o [1]
CSTACK$$Base            0x200026b0          --   Gb  - Linker created -
CSTACK$$Limit           0x200027b0          --   Gb  - Linker created -
FLASH_PrefetchBufferCmd
                        0x08003a89   0x18  Code  Gb  stm32f10x_flash.o [1]
FLASH_SetLatency        0x08003a71   0x18  Code  Gb  stm32f10x_flash.o [1]
GPIO_Configuration      0x08002cb9   0x48  Code  Gb  app.o [1]
GPIO_Init               0x08003625   0xc8  Code  Gb  stm32f10x_gpio.o [1]
GPIO_ReadOutputData     0x080036ed    0x6  Code  Gb  stm32f10x_gpio.o [1]
GPIO_ResetBits          0x080036f9    0x6  Code  Gb  stm32f10x_gpio.o [1]
GPIO_SetBits            0x080036f3    0x6  Code  Gb  stm32f10x_gpio.o [1]
MyISR_TIM2              0x08002e1f   0x14  Code  Gb  app.o [1]
MyTIM2_Init             0x08002e91   0x2a  Code  Gb  app.o [1]
NVIC_Init               0x080039c9   0x98  Code  Gb  stm32f10x_nvic.o [1]
OSCPUUsage              0x200026a2    0x1  Data  Gb  os_core.o [1]
OSCtxSw                 0x0800222b         Code  Gb  os_cpu_a.o [1]
OSCtxSwCtr              0x2000265c    0x4  Data  Gb  os_core.o [1]
OSDataSize              0x08003e52    0x2  Data  Gb  os_dbg.o [1]
OSDebugEn               0x08000e5a    0x2  Data  Gb  os_dbg.o [1]
OSDebugInit             0x0800269d  0x168  Code  Gb  os_dbg.o [1]
OSEndiannessTest        0x08003e0c    0x4  Data  Gb  os_dbg.o [1]
OSEventEn               0x080010ba    0x2  Data  Gb  os_dbg.o [1]
OSEventFreeList         0x20002660    0x4  Data  Gb  os_core.o [1]
OSEventMax              0x08000fa2    0x2  Data  Gb  os_dbg.o [1]
OSEventNameSet          0x080018a1   0x5e  Code  Gb  os_core.o [1]
OSEventNameSize         0x0800108a    0x2  Data  Gb  os_dbg.o [1]
OSEventSize             0x08001572    0x2  Data  Gb  os_dbg.o [1]
OSEventTbl              0x20002328  0x140  Data  Gb  os_core.o [1]
OSEventTblSize          0x080017ca    0x2  Data  Gb  os_dbg.o [1]
OSFlagEn                0x08002f56    0x2  Data  Gb  os_dbg.o [1]
OSFlagFreeList          0x20002664    0x4  Data  Gb  os_core.o [1]
OSFlagGrpSize           0x080036fe    0x2  Data  Gb  os_dbg.o [1]
OSFlagMax               0x08003d12    0x2  Data  Gb  os_dbg.o [1]
OSFlagNameSize          0x08003d1e    0x2  Data  Gb  os_dbg.o [1]
OSFlagNodeSize          0x080039c6    0x2  Data  Gb  os_dbg.o [1]
OSFlagTbl               0x20002510   0x8c  Data  Gb  os_core.o [1]
OSFlagWidth             0x08003ace    0x2  Data  Gb  os_dbg.o [1]
OSIdleCtr               0x20002674    0x4  Data  Gb  os_core.o [1]
OSIdleCtrMax            0x20002668    0x4  Data  Gb  os_core.o [1]
OSIdleCtrRun            0x2000266c    0x4  Data  Gb  os_core.o [1]
OSInit                  0x080018ff   0x30  Code  Gb  os_core.o [1]
OSInitHookBegin         0x080022a1    0x8  Code  Gb  os_cpu_c.o [1]
OSInitHookEnd           0x080022a9    0x2  Code  Gb  os_cpu_c.o [1]
OSIntCtxSw              0x08002233         Code  Gb  os_cpu_a.o [1]
OSIntExit               0x0800192f   0x94  Code  Gb  os_core.o [1]
OSIntNesting            0x200026a4    0x1  Data  Gb  os_core.o [1]
OSLockNesting           0x200026a5    0x1  Data  Gb  os_core.o [1]
OSLowestPrio            0x08003e14    0x2  Data  Gb  os_dbg.o [1]
OSMboxEn                0x08003e16    0x2  Data  Gb  os_dbg.o [1]
OSMemEn                 0x08003e18    0x2  Data  Gb  os_dbg.o [1]
OSMemMax                0x08003e1a    0x2  Data  Gb  os_dbg.o [1]
OSMemNameSize           0x08003e1c    0x2  Data  Gb  os_dbg.o [1]
OSMemSize               0x08003e1e    0x2  Data  Gb  os_dbg.o [1]
OSMemTblSize            0x08003e20    0x2  Data  Gb  os_dbg.o [1]
OSMutexEn               0x08003e22    0x2  Data  Gb  os_dbg.o [1]
OSPrioCur               0x200026a6    0x1  Data  Gb  os_core.o [1]
OSPrioHighRdy           0x200026a7    0x1  Data  Gb  os_core.o [1]
OSPtrSize               0x08003e24    0x2  Data  Gb  os_dbg.o [1]
OSQEn                   0x08003e26    0x2  Data  Gb  os_dbg.o [1]
OSQMax                  0x08003e28    0x2  Data  Gb  os_dbg.o [1]
OSQSize                 0x08003e2a    0x2  Data  Gb  os_dbg.o [1]
OSRdyGrp                0x200026a8    0x1  Data  Gb  os_core.o [1]
OSRdyTbl                0x20002670    0x4  Data  Gb  os_core.o [1]
OSRdyTblSize            0x08003e2c    0x2  Data  Gb  os_dbg.o [1]
OSRunning               0x200026a9    0x1  Data  Gb  os_core.o [1]
OSSemCreate             0x080030cd   0x50  Code  Gb  os_sem.o [1]
OSSemEn                 0x08003e2e    0x2  Data  Gb  os_dbg.o [1]
OSSemPend               0x0800311d   0xe2  Code  Gb  os_sem.o [1]
OSSemPost               0x08003211   0x5c  Code  Gb  os_sem.o [1]
OSStart                 0x080019c3   0x42  Code  Gb  os_core.o [1]
OSStartHighRdy          0x0800220f         Code  Gb  os_cpu_a.o [1]
OSStatInit              0x08001a05   0x46  Code  Gb  os_core.o [1]
OSStatRdy               0x200026a3    0x1  Data  Gb  os_core.o [1]
OSStkWidth              0x08003e30    0x2  Data  Gb  os_dbg.o [1]
OSTCBCur                0x20002678    0x4  Data  Gb  os_core.o [1]
OSTCBFreeList           0x2000267c    0x4  Data  Gb  os_core.o [1]
OSTCBHighRdy            0x20002680    0x4  Data  Gb  os_core.o [1]
OSTCBInitHook           0x08002347    0x8  Code  Gb  os_cpu_c.o [1]
OSTCBList               0x20002684    0x4  Data  Gb  os_core.o [1]
OSTCBPrioTbl            0x2000259c   0x80  Data  Gb  os_core.o [1]
OSTCBPrioTblMax         0x08003e48    0x2  Data  Gb  os_dbg.o [1]
OSTCBSize               0x08003e4a    0x2  Data  Gb  os_dbg.o [1]
OSTCBTbl                0x20001000  0x7e8  Data  Gb  os_core.o [1]
OSTaskCreate            0x080028dd   0xb4  Code  Gb  os_task.o [1]
OSTaskCreateEn          0x08003e32    0x2  Data  Gb  os_dbg.o [1]
OSTaskCreateExt         0x08002991   0xd8  Code  Gb  os_task.o [1]
OSTaskCreateExtEn       0x08003e34    0x2  Data  Gb  os_dbg.o [1]
OSTaskCreateHook        0x080022ab    0x8  Code  Gb  os_cpu_c.o [1]
OSTaskCtr               0x200026aa    0x1  Data  Gb  os_core.o [1]
OSTaskDelEn             0x08003e36    0x2  Data  Gb  os_dbg.o [1]
OSTaskIdleHook          0x080022b3    0x8  Code  Gb  os_cpu_c.o [1]
OSTaskIdleStk           0x20001f28  0x200  Data  Gb  os_core.o [1]
OSTaskIdleStkSize       0x08003e38    0x2  Data  Gb  os_dbg.o [1]
OSTaskMax               0x08003e3c    0x2  Data  Gb  os_dbg.o [1]
OSTaskNameSet           0x08002a69   0x84  Code  Gb  os_task.o [1]
OSTaskNameSize          0x08003e3e    0x2  Data  Gb  os_dbg.o [1]
OSTaskProfileEn         0x08003e3a    0x2  Data  Gb  os_dbg.o [1]
OSTaskStatEn            0x08003e40    0x2  Data  Gb  os_dbg.o [1]
OSTaskStatHook          0x080022bb    0x8  Code  Gb  os_cpu_c.o [1]
OSTaskStatStk           0x20001d28  0x200  Data  Gb  os_core.o [1]
OSTaskStatStkChkEn      0x08003e44    0x2  Data  Gb  os_dbg.o [1]
OSTaskStatStkSize       0x08003e42    0x2  Data  Gb  os_dbg.o [1]
OSTaskStkChk            0x08002aed   0x88  Code  Gb  os_task.o [1]
OSTaskStkInit           0x080022c3   0x7c  Code  Gb  os_cpu_c.o [1]
OSTaskSuspend           0x08002b75   0xa4  Code  Gb  os_task.o [1]
OSTaskSwHook            0x0800233f    0x8  Code  Gb  os_cpu_c.o [1]
OSTaskSwHookEn          0x08003e46    0x2  Data  Gb  os_dbg.o [1]
OSTickStepState         0x200026ab    0x1  Data  Gb  os_core.o [1]
OSTicksPerSec           0x08003e4c    0x2  Data  Gb  os_dbg.o [1]
OSTime                  0x20002688    0x4  Data  Gb  os_core.o [1]
OSTimeDly               0x08002805   0x62  Code  Gb  os_time.o [1]
OSTimeDlyHMSM           0x08002867   0x64  Code  Gb  os_time.o [1]
OSTimeTick              0x08001a4b   0xec  Code  Gb  os_core.o [1]
OSTimeTickHook          0x0800234f   0x24  Code  Gb  os_cpu_c.o [1]
OSTimeTickHookEn        0x08003e4e    0x2  Data  Gb  os_dbg.o [1]
OSTmrCtr                0x200026a0    0x2  Data  Lc  os_cpu_c.o [1]
OSTmrFree               0x2000269c    0x2  Data  Gb  os_core.o [1]
OSTmrFreeList           0x20002698    0x4  Data  Gb  os_core.o [1]
OSTmrSem                0x20002690    0x4  Data  Gb  os_core.o [1]
OSTmrSemSignal          0x20002694    0x4  Data  Gb  os_core.o [1]
OSTmrSignal             0x08002429    0xe  Code  Gb  os_tmr.o [1]
OSTmrTaskStk            0x20002128  0x200  Data  Gb  os_core.o [1]
OSTmrTbl                0x200017e8  0x340  Data  Gb  os_core.o [1]
OSTmrTime               0x2000268c    0x4  Data  Gb  os_core.o [1]
OSTmrUsed               0x2000269e    0x2  Data  Gb  os_core.o [1]
OSTmrWheelTbl           0x2000261c   0x40  Data  Gb  os_core.o [1]
OSTmr_Init              0x08002437   0xa4  Code  Gb  os_tmr.o [1]
OSTmr_InitTask          0x080024db   0x38  Code  Lc  os_tmr.o [1]
OSTmr_Link              0x08002513   0x6e  Code  Lc  os_tmr.o [1]
OSTmr_Lock              0x080025cb   0x10  Code  Lc  os_tmr.o [1]
OSTmr_Task              0x080025e9   0x7a  Code  Lc  os_tmr.o [1]
OSTmr_Unlink            0x08002581   0x4a  Code  Lc  os_tmr.o [1]
OSTmr_Unlock            0x080025db    0xc  Code  Lc  os_tmr.o [1]
OSUnMapTbl              0x08003ad0  0x100  Data  Gb  os_core.o [1]
OSVersionNbr            0x08003e50    0x2  Data  Gb  os_dbg.o [1]
OS_CPU_PendSVHandler    0x0800223b         Code  Gb  os_cpu_a.o [1]
OS_CPU_SR_Restore       0x08002209         Code  Gb  os_cpu_a.o [1]
OS_CPU_SR_Save          0x08002201         Code  Gb  os_cpu_a.o [1]
OS_CPU_SysTickClkFreq   0x08002fd3    0x8  Code  Gb  bsp.o [1]
OS_CPU_SysTickHandler   0x08002373   0x1e  Code  Gb  os_cpu_c.o [1]
OS_CPU_SysTickInit      0x08002391   0x34  Code  Gb  os_cpu_c.o [1]
OS_EventTaskRdy         0x08001b37   0x8c  Code  Gb  os_core.o [1]
OS_EventTaskRemove      0x08001c4f   0x32  Code  Gb  os_core.o [1]
OS_EventTaskRemoveMulti
                        0x08001c81   0x3c  Code  Gb  os_core.o [1]
OS_EventTaskWait        0x08001bc3   0x8c  Code  Gb  os_core.o [1]
OS_EventWaitListInit    0x08001cbd   0x1c  Code  Gb  os_core.o [1]
OS_FlagInit             0x080023d9   0x44  Code  Gb  os_flag.o [1]
OS_InitEventList        0x08001cd9   0x50  Code  Lc  os_core.o [1]
OS_InitMisc             0x08001d29   0x4e  Code  Lc  os_core.o [1]
OS_InitRdyList          0x08001d77   0x40  Code  Lc  os_core.o [1]
OS_InitTCBList          0x08001e33   0x60  Code  Lc  os_core.o [1]
OS_InitTaskIdle         0x08001db7   0x3e  Code  Lc  os_core.o [1]
OS_InitTaskStat         0x08001df5   0x3e  Code  Lc  os_core.o [1]
OS_MemClr               0x08001e93   0x12  Code  Gb  os_core.o [1]
OS_Sched                0x08001ea5   0x5c  Code  Gb  os_core.o [1]
OS_SchedNew             0x08001f01   0x20  Code  Lc  os_core.o [1]
OS_StrCopy              0x08001f21   0x1e  Code  Gb  os_core.o [1]
OS_StrLen               0x08001f3f   0x14  Code  Gb  os_core.o [1]
OS_TCBInit              0x08002029  0x15c  Code  Gb  os_core.o [1]
OS_TaskIdle             0x08001f55   0x1c  Code  Gb  os_core.o [1]
OS_TaskStat             0x08001f71   0x70  Code  Gb  os_core.o [1]
OS_TaskStatStkChk       0x08001fe1   0x3e  Code  Gb  os_core.o [1]
OS_TaskStkClr           0x08002c31   0x18  Code  Gb  os_task.o [1]
PutChar                 0x08002c49   0x1e  Code  Gb  app.o [1]
Puts                    0x08002c67   0x16  Code  Gb  app.o [1]
RCC_ADCCLKConfig        0x0800348b   0x14  Code  Gb  stm32f10x_rcc.o [1]
RCC_APB1PeriphClockCmd  0x0800357f   0x20  Code  Gb  stm32f10x_rcc.o [1]
RCC_APB2PeriphClockCmd  0x0800355f   0x20  Code  Gb  stm32f10x_rcc.o [1]
RCC_DeInit              0x08003325   0x5e  Code  Gb  stm32f10x_rcc.o [1]
RCC_GetClocksFreq       0x0800349f   0xc0  Code  Gb  stm32f10x_rcc.o [1]
RCC_GetFlagStatus       0x0800359f   0x44  Code  Gb  stm32f10x_rcc.o [1]
RCC_GetSYSCLKSource     0x08003443    0xa  Code  Gb  stm32f10x_rcc.o [1]
RCC_HCLKConfig          0x0800344d   0x14  Code  Gb  stm32f10x_rcc.o [1]
RCC_HSEConfig           0x08003383   0x54  Code  Gb  stm32f10x_rcc.o [1]
RCC_PCLK1Config         0x08003461   0x14  Code  Gb  stm32f10x_rcc.o [1]
RCC_PCLK2Config         0x08003475   0x16  Code  Gb  stm32f10x_rcc.o [1]
RCC_PLLCmd              0x08003427    0x8  Code  Gb  stm32f10x_rcc.o [1]
RCC_PLLConfig           0x08003411   0x16  Code  Gb  stm32f10x_rcc.o [1]
RCC_SYSCLKConfig        0x0800342f   0x14  Code  Gb  stm32f10x_rcc.o [1]
RCC_WaitForHSEStartUp   0x080033d7   0x3a  Code  Gb  stm32f10x_rcc.o [1]
Region$$Table$$Base     0x08003bf8          --   Gb  - Linker created -
Region$$Table$$Limit    0x08003c08          --   Gb  - Linker created -
TIM2_Configuration      0x08002e33   0x5e  Code  Gb  app.o [1]
TIM_ClearFlag           0x080039b7    0x8  Code  Gb  stm32f10x_tim.o [1]
TIM_ClearITPendingBit   0x080039bf    0x8  Code  Gb  stm32f10x_tim.o [1]
TIM_Cmd                 0x0800397d   0x1c  Code  Gb  stm32f10x_tim.o [1]
TIM_ITConfig            0x08003999   0x18  Code  Gb  stm32f10x_tim.o [1]
TIM_PrescalerConfig     0x080039b1    0x6  Code  Gb  stm32f10x_tim.o [1]
TIM_TimeBaseInit        0x0800393d   0x36  Code  Gb  stm32f10x_tim.o [1]
Task1                   0x08002f25   0x12  Code  Gb  app.o [1]
Task1_Stk               0x20000000  0x800  Data  Lc  app.o [1]
Task2                   0x08002f39   0x12  Code  Gb  app.o [1]
Task2_Stk               0x20000800  0x800  Data  Lc  app.o [1]
USART1_Init             0x08002c7d   0x3c  Code  Gb  app.o [1]
USART_Cmd               0x08003309   0x1c  Code  Gb  stm32f10x_usart.o [1]
USART_Init              0x0800326d   0x98  Code  Gb  stm32f10x_usart.o [1]
_GenldFull              0x08000b39  0x260  Code  Lc  xprintffull.o [3]
_LdtobFull              0x08000749  0x3ea  Code  Lc  xprintffull.o [3]
_LitobFull              0x08000637  0x10c  Code  Lc  xprintffull.o [3]
_PrintfFull             0x080000ed  0x544  Code  Gb  xprintffull.o [3]
_PutcharsFull           0x08000d99   0x2e  Code  Lc  xprintffull.o [3]
_SProut                 0x08000e1b    0xa  Code  Gb  xsprout.o [3]
__aeabi_cdcmple         0x0800105d         Code  Gb  DblCmpLe.o [4]
__aeabi_cdrcmple        0x0800108d         Code  Gb  DblCmpGe.o [4]
__aeabi_d2iz            0x080011c9         Code  Gb  DblToI32.o [4]
__aeabi_d2uiz           0x080011f5         Code  Gb  DblToI32.o [4]
__aeabi_ddiv            0x08001575         Code  Gb  DblDiv.o [4]
__aeabi_dmul            0x080013d1         Code  Gb  DblMul.o [4]
__aeabi_dsub            0x08001251         Code  Gb  DblSub.o [4]
__aeabi_i2d             0x08001221         Code  Gb  I32ToDbl.o [4]
__aeabi_ldiv0           0x080017c9         Code  Gb  I64DivZer.o [5]
__aeabi_memcpy          0x08000fa5         Code  Gb  ABImemcpy.o [5]
__aeabi_memcpy4         0x08000fc5         Code  Gb  ABImemcpy.o [5]
__aeabi_memcpy8         0x08000fc5         Code  Gb  ABImemcpy.o [5]
__aeabi_ui2d            0x08001235         Code  Gb  I32ToDbl.o [4]
__aeabi_uldivmod        0x08000eb5         Code  Gb  I64DivMod.o [5]
__cmain                 0x08003cf5         Code  Gb  cmain.o [5]
__exit                  0x08003d21   0x14  Code  Gb  exit.o [6]
__iar_Dnorm             0x0800101b   0x42  Code  Gb  xdnorm.o [4]
__iar_Dscale            0x080010bd  0x10c  Code  Gb  xdscale.o [4]
__iar_Memchr            0x08000e5d         Code  Gb  memchr.o [5]
__iar_Strchr            0x08000e05         Code  Gb  strchr.o [5]
__iar_d2uiz             0x08001201         Code  Gb  DblToI32.o [4]
__iar_dadd              0x080017cd         Code  Gb  DblAdd.o [4]
__iar_data_init3        0x08003bd1   0x28  Code  Gb  data_init.o [5]
__iar_dsub              0x08001265         Code  Gb  DblSub.o [4]
__iar_dsubStart         0x08001277         Code  Gb  DblSub.o [4]
__iar_program_start     0x08003df1         Code  Gb  cstartup_M.o [5]
__iar_ui2d              0x08001239         Code  Gb  I32ToDbl.o [4]
__iar_zero_init3        0x08000de3   0x22  Code  Gb  zero_init3.o [5]
__low_level_init        0x08003d0b    0x4  Code  Gb  low_level_init.o [3]
__vector_table          0x08000000   0xec  Data  Gb  app_vect_v5.o [1]
_call_main              0x08003d01         Code  Gb  cmain.o [5]
_exit                   0x08003d15         Code  Gb  cexit.o [5]
_main                   0x08003d07         Code  Gb  cmain.o [5]
div                     0x080017bb    0xe  Code  Gb  div.o [3]
exit                    0x08003d0f    0x4  Code  Gb  exit.o [3]
main                    0x08002d01   0x4e  Code  Gb  app.o [1]
memchr                  0x08000e5d         Code  Gb  memchr.o [5]
sprintf                 0x08003909   0x34  Code  Gb  sprintf.o [3]
strchr                  0x08000e05         Code  Gb  strchr.o [5]
strlen                  0x08000e25         Code  Gb  strlen.o [5]


[1] = D:\Embedded2\현대모비스\RTOS_CM3\MyData\src_my\uCOS-II-M32_ok\EvalBoards\ST\MANGO-Z1\IAR\16.ex_Int_TIM2\Flash\Obj
[2] = command line
[3] = dl7M_tln.a
[4] = m7M_tl.a
[5] = rt7M_tl.a
[6] = shb_l.a

  14 924 bytes of readonly  code memory
   1 032 bytes of readonly  data memory
  10 156 bytes of readwrite data memory

Errors: none
Warnings: none
